  Determining projects to restore...
  All projects are up-to-date for restore.
C:\Users\kings\.gemini\antigravity\scratch\DeliveryPlatform\DeliveryPlatform.Api\Models\OrderModels.cs(3,14): error CS0101: The namespace 'DeliveryPlatform.Api.Models' already contains a definition for 'CheckoutRequest' [C:\Users\kings\.gemini\antigravity\scratch\DeliveryPlatform\DeliveryPlatform.Api\DeliveryPlatform.Api.csproj]
C:\Users\kings\.gemini\antigravity\scratch\DeliveryPlatform\DeliveryPlatform.Api\Models\OrderModels.cs(18,14): error CS0101: The namespace 'DeliveryPlatform.Api.Models' already contains a definition for 'CheckoutResponse' [C:\Users\kings\.gemini\antigravity\scratch\DeliveryPlatform\DeliveryPlatform.Api\DeliveryPlatform.Api.csproj]

Build FAILED.

C:\Users\kings\.gemini\antigravity\scratch\DeliveryPlatform\DeliveryPlatform.Api\Models\OrderModels.cs(3,14): error CS0101: The namespace 'DeliveryPlatform.Api.Models' already contains a definition for 'CheckoutRequest' [C:\Users\kings\.gemini\antigravity\scratch\DeliveryPlatform\DeliveryPlatform.Api\DeliveryPlatform.Api.csproj]
C:\Users\kings\.gemini\antigravity\scratch\DeliveryPlatform\DeliveryPlatform.Api\Models\OrderModels.cs(18,14): error CS0101: The namespace 'DeliveryPlatform.Api.Models' already contains a definition for 'CheckoutResponse' [C:\Users\kings\.gemini\antigravity\scratch\DeliveryPlatform\DeliveryPlatform.Api\DeliveryPlatform.Api.csproj]
    0 Warning(s)
    2 Error(s)

Time Elapsed 00:00:02.63
